
> port@0.0.0 build
> vite build

[31mfailed to load config from C:\Users\kinkar\Desktop\port\vite.config.js[39m
[31merror during build:
Error [ERR_PACKAGE_PATH_NOT_EXPORTED]: Package subpath './internal' is not defined by "exports" in C:\Users\kinkar\Desktop\port\node_modules\vite\package.json imported from C:\Users\kinkar\Desktop\port\node_modules\@vitejs\plugin-react\dist\index.js
    at exportsNotFound (node:internal/modules/esm/resolve:313:10)
    at packageExportsResolve (node:internal/modules/esm/resolve:661:9)
    at packageResolve (node:internal/modules/esm/resolve:774:12)
    at moduleResolve (node:internal/modules/esm/resolve:858:18)
    at defaultResolve (node:internal/modules/esm/resolve:990:11)
    at #cachedDefaultResolve (node:internal/modules/esm/loader:757:20)
    at ModuleLoader.resolve (node:internal/modules/esm/loader:734:38)
    at ModuleLoader.getModuleJobForImport (node:internal/modules/esm/loader:317:38)
    at #link (node:internal/modules/esm/module_job:208:49)[39m
